// Vitest Snapshot v1, https://vitest.dev/guide/snapshot.html

exports[`Component SearchContainer > renders without crashing 1`] = `
<DocumentFragment>
  <li
    class="MuiListItem-root MuiListItem-gutters MuiListItem-padding MuiListItem-alignItemsFlexStart css-m0pems-MuiListItem-root"
  >
    <div
      class="MuiButtonBase-root MuiListItemButton-root MuiListItemButton-gutters MuiListItemButton-root MuiListItemButton-gutters css-4bx69l-MuiButtonBase-root-MuiListItemButton-root"
      role="button"
      tabindex="0"
    >
      <div
        class="MuiListItemText-root MuiListItemText-multiline css-14ln1j6-MuiListItemText-root"
      >
        <span
          class="MuiTypography-root MuiTypography-body1 MuiListItemText-primary css-rizt0-MuiTypography-root"
        >
          Boys Like Girls
        </span>
        <p
          class="MuiTypography-root MuiTypography-body2 MuiListItemText-secondary css-1a1whku-MuiTypography-root"
        >
          Watch the Fire
        </p>
      </div>
      <div
        class="MuiListItemAvatar-root css-1ulznza-MuiListItemAvatar-root"
      >
        <div
          class="MuiAvatar-root MuiAvatar-circular MuiAvatar-colorDefault css-18k2bs-MuiAvatar-root"
        >
          <svg
            aria-hidden="true"
            class="MuiSvgIcon-root MuiSvgIcon-fontSizeMedium MuiAvatar-fallback css-1mo2pzk-MuiSvgIcon-root-MuiAvatar-fallback"
            data-testid="PersonIcon"
            focusable="false"
            viewBox="0 0 24 24"
          >
            <path
              d="M12 12c2.21 0 4-1.79 4-4s-1.79-4-4-4-4 1.79-4 4 1.79 4 4 4zm0 2c-2.67 0-8 1.34-8 4v2h16v-2c0-2.66-5.33-4-8-4z"
            />
          </svg>
        </div>
      </div>
    </div>
  </li>
</DocumentFragment>
`;
